Warning: In design 'des', cell 'clk_gate_obs' has no output pins. (LINT-10)
Warning: In design 'des', cell 'clk_gate_obs' does not drive any nets. (LINT-1)
Warning: In design 'des', port 'htrans[0]' is not connected to any nets. (LINT-28)
Warning: In design 'des', port 'hsize[2]' is not connected to any nets. (LINT-28)
Warning: In design 'des', port 'hsize[1]' is not connected to any nets. (LINT-28)
Warning: In design 'des', port 'hsize[0]' is not connected to any nets. (LINT-28)
Warning: In design 'des', port 'hburst[2]' is not connected to any nets. (LINT-28)
Warning: In design 'des', port 'hburst[1]' is not connected to any nets. (LINT-28)
Warning: In design 'des', port 'hburst[0]' is not connected to any nets. (LINT-28)
Warning: In design 'des', cell 'u_des_spares_0' has no output pins. (LINT-10)
Warning: In design 'des', cell 'u_des_spares_0' does not drive any nets. (LINT-1)
Warning: In design 'des_key', port 'data[24]' is not connected to any nets. (LINT-28)
Warning: In design 'des_key', port 'data[16]' is not connected to any nets. (LINT-28)
Warning: In design 'des_key', port 'data[8]' is not connected to any nets. (LINT-28)
Warning: In design 'des_key', port 'data[0]' is not connected to any nets. (LINT-28)
Warning: In design 'des_key', cell 'clk_gate_obs' has no output pins. (LINT-10)
Warning: In design 'des_key', cell 'clk_gate_obs' does not drive any nets. (LINT-1)
Warning: In design 'des_iv', cell 'clk_gate_obs' has no output pins. (LINT-10)
Warning: In design 'des_iv', cell 'clk_gate_obs' does not drive any nets. (LINT-1)
Warning: In design 'des_dat', cell 'clk_gate_obs' has no output pins. (LINT-10)
Warning: In design 'des_dat', cell 'clk_gate_obs' does not drive any nets. (LINT-1)
Warning: In design 'SNPS_CLOCK_GATE_OBS_des', cell 'U1' does not drive any nets. (LINT-1)
Warning: Design 'SNPS_CLOCK_GATE_OBS_des' does not have any output ports. (LINT-25)
Warning: In design 'SNPS_CLOCK_GATE_OBS_des_key', cell 'U1' does not drive any nets. (LINT-1)
Warning: Design 'SNPS_CLOCK_GATE_OBS_des_key' does not have any output ports. (LINT-25)
Warning: In design 'SNPS_CLOCK_GATE_OBS_des_iv', cell 'U1' does not drive any nets. (LINT-1)
Warning: Design 'SNPS_CLOCK_GATE_OBS_des_iv' does not have any output ports. (LINT-25)
Warning: In design 'SNPS_CLOCK_GATE_OBS_des_dat', cell 'U1' does not drive any nets. (LINT-1)
Warning: Design 'SNPS_CLOCK_GATE_OBS_des_dat' does not have any output ports. (LINT-25)
Warning: In design 'tiny_des_round', port 'hresetn' is not connected to any nets. (LINT-28)
Warning: In design 'tiny_des_round', port 'key_in[56]' is not connected to any nets. (LINT-28)
Warning: In design 'tiny_des_round', port 'key_in[48]' is not connected to any nets. (LINT-28)
Warning: In design 'tiny_des_round', port 'key_in[40]' is not connected to any nets. (LINT-28)
Warning: In design 'tiny_des_round', port 'key_in[32]' is not connected to any nets. (LINT-28)
Warning: In design 'tiny_des_round', port 'key_in[24]' is not connected to any nets. (LINT-28)
Warning: In design 'tiny_des_round', port 'key_in[16]' is not connected to any nets. (LINT-28)
Warning: In design 'tiny_des_round', port 'key_in[8]' is not connected to any nets. (LINT-28)
Warning: In design 'tiny_des_round', port 'key_in[0]' is not connected to any nets. (LINT-28)
Warning: In design 'tiny_des_round', cell 'clk_gate_obs' has no output pins. (LINT-10)
Warning: In design 'tiny_des_round', cell 'clk_gate_obs' does not drive any nets. (LINT-1)
Warning: In design 'SNPS_CLOCK_GATE_OBS_tiny_des_round', cell 'U1' does not drive any nets. (LINT-1)
Warning: Design 'SNPS_CLOCK_GATE_OBS_tiny_des_round' does not have any output ports. (LINT-25)
Warning: Design 'des_spares_0' does not have any output ports. (LINT-25)
Warning: In design 'des', net 'u_des_spares_0/spare_ng03' driven by pin 'u_des_spares_0/SPARE_UF03/QB' has no loads. (LINT-2)
Warning: In design 'des', net 'u_des_spares_0/spare_nf03' driven by pin 'u_des_spares_0/SPARE_UF03/Q' has no loads. (LINT-2)
Warning: In design 'des', net 'u_des_spares_0/spare_ne02' driven by pin 'u_des_spares_0/SPARE_UE02/O' has no loads. (LINT-2)
Warning: In design 'des', net 'u_des_spares_0/spare_ng01' driven by pin 'u_des_spares_0/SPARE_UF01/QB' has no loads. (LINT-2)
Warning: In design 'des', net 'u_des_spares_0/spare_nf01' driven by pin 'u_des_spares_0/SPARE_UF01/Q' has no loads. (LINT-2)
Warning: In design 'des', net 'u_des_spares_0/spare_ne00' driven by pin 'u_des_spares_0/SPARE_UE00/O' has no loads. (LINT-2)
1
